(\a.a (\m.\n.n (\m.\n.m))) (\m.\n.n)
App/-- Abs/-- a 0x23fd340 
   |      |
   |      \__ App/-- a 0x23fd340 
   |             |
   |             \__ Abs/-- m 0x23fd358 
   |                    |
   |                    \__ Abs/-- n 0x23fd370 
   |                           |
   |                           \__ App/-- n 0x23fd370 
   |                                  |
   |                                  \__ Abs/-- m 0x23fd388 
   |                                         |
   |                                         \__ Abs/-- n 0x23fd3a0 
   |                                                |
   |                                                \__ m 0x23fd388 
   |
   \__ Abs/-- m 0x23fd740 
          |
          \__ Abs/-- n 0x23fd758 
                 |
                 \__ n 0x23fd758 

(\a.a (\m.\n.n (\m.\n.m))) (\m.\n.n)
(\m.\n.n) (\m.\n.n (\m.\n.m))
\n.n
